<!doctype html public "-//w3c//dtd html 4.0 transitional//en">
<html><head>
<title>Static Call Graph - [.\Outputs\BaseTarget.axf]</title></head>
<body><HR>
<H1>Static Call Graph for image .\Outputs\BaseTarget.axf</H1><HR>
<BR><P>#&#060CALLGRAPH&#062# ARM Linker, 5040049: Last Updated: Fri Feb 10 01:58:28 2017
<BR><P>
<H3>Maximum Stack Usage =        192 bytes + Unknown(Functions without stacksize, Cycles, Untraceable Function Pointers)</H3><H3>
Call chain for Maximum Stack Depth:</H3>
RunActionService &rArr; start2rotate &rArr; SetPWMDutyCycle &rArr; __2printf &rArr; _printf_char_file &rArr; _printf_char_common &rArr; __printf
<P>
<H3>
Functions with no stack information
</H3><UL>
 <LI><a href="#[14]">Reset_Handler</a>
 <LI><a href="#[3c]">__user_initial_stackheap</a>
 <LI><a href="#[3]">NmiSR</a>
 <LI><a href="#[4]">FaultISR</a>
 <LI><a href="#[5]">IntDefaultHandler</a>
</UL>
</UL>
<P>
<H3>
Mutually Recursive functions
</H3> <LI><a href="#[72]">UARTCharPut</a>&nbsp;&nbsp;&nbsp;&rArr;&nbsp;&nbsp;&nbsp;<a href="#[72]">UARTCharPut</a><BR>
 <LI><a href="#[3]">NmiSR</a>&nbsp;&nbsp;&nbsp;&rArr;&nbsp;&nbsp;&nbsp;<a href="#[3]">NmiSR</a><BR>
 <LI><a href="#[4]">FaultISR</a>&nbsp;&nbsp;&nbsp;&rArr;&nbsp;&nbsp;&nbsp;<a href="#[4]">FaultISR</a><BR>
 <LI><a href="#[5]">IntDefaultHandler</a>&nbsp;&nbsp;&nbsp;&rArr;&nbsp;&nbsp;&nbsp;<a href="#[5]">IntDefaultHandler</a><BR>
 <LI><a href="#[2d]">SysCtlDelay</a>&nbsp;&nbsp;&nbsp;&rArr;&nbsp;&nbsp;&nbsp;<a href="#[2d]">SysCtlDelay</a><BR>
 <LI><a href="#[2c]">_sys_exit</a>&nbsp;&nbsp;&nbsp;&rArr;&nbsp;&nbsp;&nbsp;<a href="#[2c]">_sys_exit</a><BR>
</UL>
<P>
<H3>
Function Pointers
</H3><UL>
 <LI><a href="#[f]">Check4Keystroke</a> from eventcheckers.o(i.Check4Keystroke) referenced from es_checkevents.o(.constdata)
 <LI><a href="#[4]">FaultISR</a> from startup_rvmdk.o(RESET) referenced from startup_rvmdk.o(RESET)
 <LI><a href="#[12]">InitSPIService</a> from spiservice.o(i.InitSPIService) referenced from es_framework.o(.constdata)
 <LI><a href="#[10]">InitializeActionService</a> from actionservice.o(i.InitializeActionService) referenced from es_framework.o(.constdata)
 <LI><a href="#[c]">InputCaptureISRForIRDetection</a> from actionservice.o(i.InputCaptureISRForIRDetection) referenced from startup_rvmdk.o(RESET)
 <LI><a href="#[5]">IntDefaultHandler</a> from startup_rvmdk.o(RESET) referenced 107 times from startup_rvmdk.o(RESET)
 <LI><a href="#[3]">NmiSR</a> from startup_rvmdk.o(RESET) referenced from startup_rvmdk.o(RESET)
 <LI><a href="#[b]">OneShotISR</a> from actionservice.o(i.OneShotISR) referenced from startup_rvmdk.o(RESET)
 <LI><a href="#[14]">Reset_Handler</a> from startup_rvmdk.o(RESET) referenced from startup_rvmdk.o(RESET)
 <LI><a href="#[11]">RunActionService</a> from actionservice.o(i.RunActionService) referenced from es_framework.o(.constdata)
 <LI><a href="#[13]">RunSPIService</a> from spiservice.o(i.RunSPIService) referenced from es_framework.o(.constdata)
 <LI><a href="#[7]">SPI_InterruptResponse</a> from spiservice.o(i.SPI_InterruptResponse) referenced from startup_rvmdk.o(RESET)
 <LI><a href="#[8]">ShortTimerAHandler</a> from es_shorttimer.o(i.ShortTimerAHandler) referenced from startup_rvmdk.o(RESET)
 <LI><a href="#[9]">ShortTimerBHandler</a> from es_shorttimer.o(i.ShortTimerBHandler) referenced from startup_rvmdk.o(RESET)
 <LI><a href="#[6]">SysTickIntHandler</a> from es_port.o(i.SysTickIntHandler) referenced from startup_rvmdk.o(RESET)
 <LI><a href="#[a]">TapeInterruptResponse</a> from tapemodule.o(i.TapeInterruptResponse) referenced from startup_rvmdk.o(RESET)
 <LI><a href="#[e]">_printf_input_char</a> from _printf_char_common.o(.text) referenced from _printf_char_common.o(.text)
 <LI><a href="#[d]">fputc</a> from retarget.o(i.fputc) referenced from _printf_char_file.o(.text)
</UL>
<P>
<H3>
Global Symbols
</H3>
<P><STRONG><a name="[14]"></a>Reset_Handler</STRONG> (Thumb, 0 bytes, Stack size unknown bytes, startup_rvmdk.o(RESET))
<BR><BR>[Calls]<UL><LI><a href="#[15]">&gt;&gt;</a>&nbsp;&nbsp;&nbsp;__main
</UL>

<P><STRONG><a name="[15]"></a>__main</STRONG> (Thumb, 8 bytes, Stack size 0 bytes, __main.o(!!!main))
<BR><BR>[Calls]<UL><LI><a href="#[17]">&gt;&gt;</a>&nbsp;&nbsp;&nbsp;__rt_entry
<LI><a href="#[16]">&gt;&gt;</a>&nbsp;&nbsp;&nbsp;__scatterload
</UL>
<BR>[Called By]<UL><LI><a href="#[14]">&gt;&gt;</a>&nbsp;&nbsp;&nbsp;Reset_Handler
</UL>

<P><STRONG><a name="[16]"></a>__scatterload</STRONG> (Thumb, 0 bytes, Stack size unknown bytes, __scatter.o(!!!scatter))
<BR><BR>[Called By]<UL><LI><a href="#[15]">&gt;&gt;</a>&nbsp;&nbsp;&nbsp;__main
</UL>

<P><STRONG><a name="[18]"></a>__scatterload_rt2</STRONG> (Thumb, 44 bytes, Stack size unknown bytes, __scatter.o(!!!scatter), UNUSED)
<BR><BR>[Calls]<UL><LI><a href="#[17]">&gt;&gt;</a>&nbsp;&nbsp;&nbsp;__rt_entry
</UL>

<P><STRONG><a name="[7e]"></a>__scatterload_rt2_thumb_only</STRONG> (Thumb, 0 bytes, Stack size unknown bytes, __scatter.o(!!!scatter), UNUSED)

<P><STRONG><a name="[7f]"></a>__scatterload_null</STRONG> (Thumb, 0 bytes, Stack size unknown bytes, __scatter.o(!!!scatter), UNUSED)

<P><STRONG><a name="[19]"></a>__scatterload_copy</STRONG> (Thumb, 26 bytes, Stack size unknown bytes, __scatter_copy.o(!!handler_copy), UNUSED)
<BR><BR>[Calls]<UL><LI><a href="#[19]">&gt;&gt;</a>&nbsp;&nbsp;&nbsp;__scatterload_copy
</UL>
<BR>[Called By]<UL><LI><a href="#[19]">&gt;&gt;</a>&nbsp;&nbsp;&nbsp;__scatterload_copy
</UL>

<P><STRONG><a name="[80]"></a>__scatterload_zeroinit</STRONG> (Thumb, 28 bytes, Stack size unknown bytes, __scatter_zi.o(!!handler_zi), UNUSED)

<P><STRONG><a name="[1a]"></a>_printf_i</STRONG> (Thumb, 0 bytes, Stack size unknown bytes, _printf_i.o(.ARM.Collect$$_printf_percent$$00000008))
<BR><BR>[Stack]<UL><LI>Max Depth = 56 + Unknown Stack Size
<LI>Call Chain = _printf_i &rArr; _printf_int_dec &rArr; _printf_int_common
</UL>
<BR>[Calls]<UL><LI><a href="#[1b]">&gt;&gt;</a>&nbsp;&nbsp;&nbsp;_printf_int_dec
</UL>

<P><STRONG><a name="[31]"></a>_printf_percent</STRONG> (Thumb, 0 bytes, Stack size unknown bytes, _printf_percent.o(.ARM.Collect$$_printf_percent$$00000000))
<BR><BR>[Called By]<UL><LI><a href="#[30]">&gt;&gt;</a>&nbsp;&nbsp;&nbsp;__printf
</UL>

<P><STRONG><a name="[1c]"></a>_printf_x</STRONG> (Thumb, 0 bytes, Stack size unknown bytes, _printf_x.o(.ARM.Collect$$_printf_percent$$0000000C))
<BR><BR>[Stack]<UL><LI>Max Depth = 48 + Unknown Stack Size
<LI>Call Chain = _printf_x &rArr; _printf_int_hex &rArr; _printf_int_common
</UL>
<BR>[Calls]<UL><LI><a href="#[1d]">&gt;&gt;</a>&nbsp;&nbsp;&nbsp;_printf_int_hex
</UL>

<P><STRONG><a name="[1e]"></a>_printf_s</STRONG> (Thumb, 0 bytes, Stack size unknown bytes, _printf_s.o(.ARM.Collect$$_printf_percent$$00000014))
<BR><BR>[Stack]<UL><LI>Max Depth = 24 + Unknown Stack Size
<LI>Call Chain = _printf_s &rArr; _printf_string &rArr; _printf_cs_common &rArr; _printf_str
</UL>
<BR>[Calls]<UL><LI><a href="#[1f]">&gt;&gt;</a>&nbsp;&nbsp;&nbsp;_printf_string
</UL>

<P><STRONG><a name="[81]"></a>_printf_percent_end</STRONG> (Thumb, 0 bytes, Stack size unknown bytes, _printf_percent_end.o(.ARM.Collect$$_printf_percent$$00000017))

<P><STRONG><a name="[25]"></a>__rt_lib_init</STRONG> (Thumb, 0 bytes, Stack size unknown bytes, libinit.o(.ARM.Collect$$libinit$$00000000))
<BR><BR>[Called By]<UL><LI><a href="#[24]">&gt;&gt;</a>&nbsp;&nbsp;&nbsp;__rt_entry_li
</UL>

<P><STRONG><a name="[20]"></a>__rt_lib_init_fp_1</STRONG> (Thumb, 0 bytes, Stack size unknown bytes, libinit2.o(.ARM.Collect$$libinit$$00000001))
<BR><BR>[Calls]<UL><LI><a href="#[21]">&gt;&gt;</a>&nbsp;&nbsp;&nbsp;_fp_init
</UL>

<P><STRONG><a name="[82]"></a>__rt_lib_init_alloca_1</STRONG> (Thumb, 0 bytes, Stack size unknown bytes, libinit2.o(.ARM.Collect$$libinit$$0000002C))

<P><STRONG><a name="[83]"></a>__rt_lib_init_argv_1</STRONG> (Thumb, 0 bytes, Stack size unknown bytes, libinit2.o(.ARM.Collect$$libinit$$0000002A))

<P><STRONG><a name="[84]"></a>__rt_lib_init_atexit_1</STRONG> (Thumb, 0 bytes, Stack size unknown bytes, libinit2.o(.ARM.Collect$$libinit$$00000019))

<P><STRONG><a name="[85]"></a>__rt_lib_init_clock_1</STRONG> (Thumb, 0 bytes, Stack size unknown bytes, libinit2.o(.ARM.Collect$$libinit$$0000001F))

<P><STRONG><a name="[86]"></a>__rt_lib_init_cpp_1</STRONG> (Thumb, 0 bytes, Stack size unknown bytes, libinit2.o(.ARM.Collect$$libinit$$00000030))

<P><STRONG><a name="[87]"></a>__rt_lib_init_exceptions_1</STRONG> (Thumb, 0 bytes, Stack size unknown bytes, libinit2.o(.ARM.Collect$$libinit$$0000002E))

<P><STRONG><a name="[88]"></a>__rt_lib_init_fp_trap_1</STRONG> (Thumb, 0 bytes, Stack size unknown bytes, libinit2.o(.ARM.Collect$$libinit$$0000001D))

<P><STRONG><a name="[89]"></a>__rt_lib_init_getenv_1</STRONG> (Thumb, 0 bytes, Stack size unknown bytes, libinit2.o(.ARM.Collect$$libinit$$00000021))

<P><STRONG><a name="[8a]"></a>__rt_lib_init_heap_1</STRONG> (Thumb, 0 bytes, Stack size unknown bytes, libinit2.o(.ARM.Collect$$libinit$$00000008))

<P><STRONG><a name="[8b]"></a>__rt_lib_init_lc_collate_1</STRONG> (Thumb, 0 bytes, Stack size unknown bytes, libinit2.o(.ARM.Collect$$libinit$$0000000F))

<P><STRONG><a name="[8c]"></a>__rt_lib_init_lc_ctype_1</STRONG> (Thumb, 0 bytes, Stack size unknown bytes, libinit2.o(.ARM.Collect$$libinit$$00000011))

<P><STRONG><a name="[8d]"></a>__rt_lib_init_lc_monetary_1</STRONG> (Thumb, 0 bytes, Stack size unknown bytes, libinit2.o(.ARM.Collect$$libinit$$00000013))

<P><STRONG><a name="[8e]"></a>__rt_lib_init_lc_numeric_1</STRONG> (Thumb, 0 bytes, Stack size unknown bytes, libinit2.o(.ARM.Collect$$libinit$$00000015))

<P><STRONG><a name="[8f]"></a>__rt_lib_init_lc_time_1</STRONG> (Thumb, 0 bytes, Stack size unknown bytes, libinit2.o(.ARM.Collect$$libinit$$00000017))

<P><STRONG><a name="[90]"></a>__rt_lib_init_rand_1</STRONG> (Thumb, 0 bytes, Stack size unknown bytes, libinit2.o(.ARM.Collect$$libinit$$0000000C))

<P><STRONG><a name="[91]"></a>__rt_lib_init_return</STRONG> (Thumb, 0 bytes, Stack size unknown bytes, libinit2.o(.ARM.Collect$$libinit$$00000031))

<P><STRONG><a name="[92]"></a>__rt_lib_init_signal_1</STRONG> (Thumb, 0 bytes, Stack size unknown bytes, libinit2.o(.ARM.Collect$$libinit$$0000001B))

<P><STRONG><a name="[93]"></a>__rt_lib_init_stdio_1</STRONG> (Thumb, 0 bytes, Stack size unknown bytes, libinit2.o(.ARM.Collect$$libinit$$00000023))

<P><STRONG><a name="[94]"></a>__rt_lib_init_user_alloc_1</STRONG> (Thumb, 0 bytes, Stack size unknown bytes, libinit2.o(.ARM.Collect$$libinit$$0000000A))

<P><STRONG><a name="[2a]"></a>__rt_lib_shutdown</STRONG> (Thumb, 0 bytes, Stack size unknown bytes, libshutdown.o(.ARM.Collect$$libshutdown$$00000000))
<BR><BR>[Called By]<UL><LI><a href="#[29]">&gt;&gt;</a>&nbsp;&nbsp;&nbsp;__rt_exit_ls
</UL>

<P><STRONG><a name="[95]"></a>__rt_lib_shutdown_fp_trap_1</STRONG> (Thumb, 0 bytes, Stack size unknown bytes, libshutdown2.o(.ARM.Collect$$libshutdown$$00000006))

<P><STRONG><a name="[96]"></a>__rt_lib_shutdown_heap_1</STRONG> (Thumb, 0 bytes, Stack size unknown bytes, libshutdown2.o(.ARM.Collect$$libshutdown$$0000000E))

<P><STRONG><a name="[97]"></a>__rt_lib_shutdown_return</STRONG> (Thumb, 0 bytes, Stack size unknown bytes, libshutdown2.o(.ARM.Collect$$libshutdown$$0000000F))

<P><STRONG><a name="[98]"></a>__rt_lib_shutdown_signal_1</STRONG> (Thumb, 0 bytes, Stack size unknown bytes, libshutdown2.o(.ARM.Collect$$libshutdown$$00000009))

<P><STRONG><a name="[99]"></a>__rt_lib_shutdown_stdio_1</STRONG> (Thumb, 0 bytes, Stack size unknown bytes, libshutdown2.o(.ARM.Collect$$libshutdown$$00000003))

<P><STRONG><a name="[9a]"></a>__rt_lib_shutdown_user_alloc_1</STRONG> (Thumb, 0 bytes, Stack size unknown bytes, libshutdown2.o(.ARM.Collect$$libshutdown$$0000000B))

<P><STRONG><a name="[17]"></a>__rt_entry</STRONG> (Thumb, 0 bytes, Stack size unknown bytes, rtentry.o(.ARM.Collect$$rtentry$$00000000))
<BR><BR>[Called By]<UL><LI><a href="#[15]">&gt;&gt;</a>&nbsp;&nbsp;&nbsp;__main
<LI><a href="#[18]">&gt;&gt;</a>&nbsp;&nbsp;&nbsp;__scatterload_rt2
</UL>

<P><STRONG><a name="[9b]"></a>__rt_entry_presh_1</STRONG> (Thumb, 0 bytes, Stack size unknown bytes, rtentry2.o(.ARM.Collect$$rtentry$$00000002))

<P><STRONG><a name="[22]"></a>__rt_entry_sh</STRONG> (Thumb, 0 bytes, Stack size unknown bytes, rtentry4.o(.ARM.Collect$$rtentry$$00000004))
<BR><BR>[Stack]<UL><LI>Max Depth = 8 + Unknown Stack Size
<LI>Call Chain = __rt_entry_sh &rArr; __user_setup_stackheap
</UL>
<BR>[Calls]<UL><LI><a href="#[23]">&gt;&gt;</a>&nbsp;&nbsp;&nbsp;__user_setup_stackheap
</UL>

<P><STRONG><a name="[24]"></a>__rt_entry_li</STRONG> (Thumb, 0 bytes, Stack size unknown bytes, rtentry2.o(.ARM.Collect$$rtentry$$0000000A))
<BR><BR>[Calls]<UL><LI><a href="#[25]">&gt;&gt;</a>&nbsp;&nbsp;&nbsp;__rt_lib_init
</UL>

<P><STRONG><a name="[9c]"></a>__rt_entry_postsh_1</STRONG> (Thumb, 0 bytes, Stack size unknown bytes, rtentry2.o(.ARM.Collect$$rtentry$$00000009))

<P><STRONG><a name="[26]"></a>__rt_entry_main</STRONG> (Thumb, 0 bytes, Stack size unknown bytes, rtentry2.o(.ARM.Collect$$rtentry$$0000000D))
<BR><BR>[Stack]<UL><LI>Max Depth = 128 + Unknown Stack Size
<LI>Call Chain = __rt_entry_main &rArr; main &rArr; __2printf &rArr; _printf_char_file &rArr; _printf_char_common &rArr; __printf
</UL>
<BR>[Calls]<UL><LI><a href="#[27]">&gt;&gt;</a>&nbsp;&nbsp;&nbsp;main
<LI><a href="#[28]">&gt;&gt;</a>&nbsp;&nbsp;&nbsp;exit
</UL>

<P><STRONG><a name="[9d]"></a>__rt_entry_postli_1</STRONG> (Thumb, 0 bytes, Stack size unknown bytes, rtentry2.o(.ARM.Collect$$rtentry$$0000000C))

<P><STRONG><a name="[3d]"></a>__rt_exit</STRONG> (Thumb, 0 bytes, Stack size unknown bytes, rtexit.o(.ARM.Collect$$rtexit$$00000000))
<BR><BR>[Called By]<UL><LI><a href="#[28]">&gt;&gt;</a>&nbsp;&nbsp;&nbsp;exit
</UL>

<P><STRONG><a name="[29]"></a>__rt_exit_ls</STRONG> (Thumb, 0 bytes, Stack size unknown bytes, rtexit2.o(.ARM.Collect$$rtexit$$00000003))
<BR><BR>[Calls]<UL><LI><a href="#[2a]">&gt;&gt;</a>&nbsp;&nbsp;&nbsp;__rt_lib_shutdown
</UL>

<P><STRONG><a name="[9e]"></a>__rt_exit_prels_1</STRONG> (Thumb, 0 bytes, Stack size unknown bytes, rtexit2.o(.ARM.Collect$$rtexit$$00000002))

<P><STRONG><a name="[2b]"></a>__rt_exit_exit</STRONG> (Thumb, 0 bytes, Stack size unknown bytes, rtexit2.o(.ARM.Collect$$rtexit$$00000004))
<BR><BR>[Calls]<UL><LI><a href="#[2c]">&gt;&gt;</a>&nbsp;&nbsp;&nbsp;_sys_exit
</UL>

<P><STRONG><a name="[2d]"></a>SysCtlDelay</STRONG> (Thumb, 6 bytes, Stack size 0 bytes, sysctl.o(.emb_text))
<BR><BR>[Calls]<UL><LI><a href="#[2d]">&gt;&gt;</a>&nbsp;&nbsp;&nbsp;SysCtlDelay
</UL>
<BR>[Called By]<UL><LI><a href="#[69]">&gt;&gt;</a>&nbsp;&nbsp;&nbsp;SysCtlClockSet
<LI><a href="#[2d]">&gt;&gt;</a>&nbsp;&nbsp;&nbsp;SysCtlDelay
</UL>

<P><STRONG><a name="[9f]"></a>CPUcpsid</STRONG> (Thumb, 8 bytes, Stack size 0 bytes, cpu.o(.emb_text), UNUSED)

<P><STRONG><a name="[a0]"></a>CPUprimask</STRONG> (Thumb, 6 bytes, Stack size 0 bytes, cpu.o(.emb_text), UNUSED)

<P><STRONG><a name="[5c]"></a>CPUcpsie</STRONG> (Thumb, 8 bytes, Stack size 0 bytes, cpu.o(.emb_text))
<BR><BR>[Called By]<UL><LI><a href="#[5b]">&gt;&gt;</a>&nbsp;&nbsp;&nbsp;IntMasterEnable
</UL>

<P><STRONG><a name="[a1]"></a>CPUwfi</STRONG> (Thumb, 4 bytes, Stack size 0 bytes, cpu.o(.emb_text), UNUSED)

<P><STRONG><a name="[a2]"></a>CPUbasepriSet</STRONG> (Thumb, 6 bytes, Stack size 0 bytes, cpu.o(.emb_text), UNUSED)

<P><STRONG><a name="[a3]"></a>CPUbasepriGet</STRONG> (Thumb, 6 bytes, Stack size 0 bytes, cpu.o(.emb_text), UNUSED)

<P><STRONG><a name="[3c]"></a>__user_initial_stackheap</STRONG> (Thumb, 0 bytes, Stack size unknown bytes, startup_rvmdk.o(.text))
<BR><BR>[Called By]<UL><LI><a href="#[23]">&gt;&gt;</a>&nbsp;&nbsp;&nbsp;__user_setup_stackheap
</UL>

<P><STRONG><a name="[a4]"></a>__I$use$semihosting</STRONG> (Thumb, 0 bytes, Stack size 0 bytes, use_no_semi.o(.text), UNUSED)

<P><STRONG><a name="[a5]"></a>__use_no_semihosting_swi</STRONG> (Thumb, 2 bytes, Stack size 0 bytes, use_no_semi.o(.text), UNUSED)

<P><STRONG><a name="[2e]"></a>__2printf</STRONG> (Thumb, 20 bytes, Stack size 24 bytes, noretval__2printf.o(.text))
<BR><BR>[Stack]<UL><LI>Max Depth = 128 + Unknown Stack Size
<LI>Call Chain = __2printf &rArr; _printf_char_file &rArr; _printf_char_common &rArr; __printf
</UL>
<BR>[Calls]<UL><LI><a href="#[2f]">&gt;&gt;</a>&nbsp;&nbsp;&nbsp;_printf_char_file
</UL>
<BR>[Called By]<UL><LI><a href="#[5d]">&gt;&gt;</a>&nbsp;&nbsp;&nbsp;stop
<LI><a href="#[54]">&gt;&gt;</a>&nbsp;&nbsp;&nbsp;InitTapeInterrupt
<LI><a href="#[11]">&gt;&gt;</a>&nbsp;&nbsp;&nbsp;RunActionService
<LI><a href="#[10]">&gt;&gt;</a>&nbsp;&nbsp;&nbsp;InitializeActionService
<LI><a href="#[52]">&gt;&gt;</a>&nbsp;&nbsp;&nbsp;InitOneShotISR
<LI><a href="#[51]">&gt;&gt;</a>&nbsp;&nbsp;&nbsp;InitInputCaptureForIRDetection
<LI><a href="#[13]">&gt;&gt;</a>&nbsp;&nbsp;&nbsp;RunSPIService
<LI><a href="#[12]">&gt;&gt;</a>&nbsp;&nbsp;&nbsp;InitSPIService
<LI><a href="#[53]">&gt;&gt;</a>&nbsp;&nbsp;&nbsp;InitSerialHardware
<LI><a href="#[64]">&gt;&gt;</a>&nbsp;&nbsp;&nbsp;SetPWMDutyCycle
<LI><a href="#[27]">&gt;&gt;</a>&nbsp;&nbsp;&nbsp;main
</UL>

<P><STRONG><a name="[30]"></a>__printf</STRONG> (Thumb, 104 bytes, Stack size 24 bytes, __printf.o(.text))
<BR><BR>[Stack]<UL><LI>Max Depth = 24 + Unknown Stack Size
<LI>Call Chain = __printf
</UL>
<BR>[Calls]<UL><LI><a href="#[31]">&gt;&gt;</a>&nbsp;&nbsp;&nbsp;_printf_percent
</UL>
<BR>[Called By]<UL><LI><a href="#[39]">&gt;&gt;</a>&nbsp;&nbsp;&nbsp;_printf_char_common
</UL>

<P><STRONG><a name="[37]"></a>_printf_str</STRONG> (Thumb, 82 bytes, Stack size 16 bytes, _printf_str.o(.text))
<BR><BR>[Stack]<UL><LI>Max Depth = 16<LI>Call Chain = _printf_str
</UL>
<BR>[Called By]<UL><LI><a href="#[36]">&gt;&gt;</a>&nbsp;&nbsp;&nbsp;_printf_cs_common
</UL>

<P><STRONG><a name="[1b]"></a>_printf_int_dec</STRONG> (Thumb, 100 bytes, Stack size 24 bytes, _printf_dec.o(.text))
<BR><BR>[Stack]<UL><LI>Max Depth = 56<LI>Call Chain = _printf_int_dec &rArr; _printf_int_common
</UL>
<BR>[Calls]<UL><LI><a href="#[32]">&gt;&gt;</a>&nbsp;&nbsp;&nbsp;_printf_int_common
</UL>
<BR>[Called By]<UL><LI><a href="#[1a]">&gt;&gt;</a>&nbsp;&nbsp;&nbsp;_printf_i
</UL>

<P><STRONG><a name="[1d]"></a>_printf_int_hex</STRONG> (Thumb, 84 bytes, Stack size 16 bytes, _printf_hex_int.o(.text))
<BR><BR>[Stack]<UL><LI>Max Depth = 48<LI>Call Chain = _printf_int_hex &rArr; _printf_int_common
</UL>
<BR>[Calls]<UL><LI><a href="#[32]">&gt;&gt;</a>&nbsp;&nbsp;&nbsp;_printf_int_common
</UL>
<BR>[Called By]<UL><LI><a href="#[1c]">&gt;&gt;</a>&nbsp;&nbsp;&nbsp;_printf_x
</UL>

<P><STRONG><a name="[a6]"></a>_printf_longlong_hex</STRONG> (Thumb, 0 bytes, Stack size 16 bytes, _printf_hex_int.o(.text), UNUSED)

<P><STRONG><a name="[33]"></a>getc</STRONG> (Thumb, 4 bytes, Stack size 0 bytes, getc.o(.text))
<BR><BR>[Stack]<UL><LI>Max Depth = 8<LI>Call Chain = getc &rArr; fgetc &rArr; TERMIO_GetChar &rArr; UARTgetc
</UL>
<BR>[Calls]<UL><LI><a href="#[34]">&gt;&gt;</a>&nbsp;&nbsp;&nbsp;fgetc
</UL>
<BR>[Called By]<UL><LI><a href="#[f]">&gt;&gt;</a>&nbsp;&nbsp;&nbsp;Check4Keystroke
</UL>

<P><STRONG><a name="[35]"></a>puts</STRONG> (Thumb, 40 bytes, Stack size 8 bytes, puts.o(.text))
<BR><BR>[Stack]<UL><LI>Max Depth = 16<LI>Call Chain = puts &rArr; fputc
</UL>
<BR>[Calls]<UL><LI><a href="#[d]">&gt;&gt;</a>&nbsp;&nbsp;&nbsp;fputc
</UL>
<BR>[Called By]<UL><LI><a href="#[27]">&gt;&gt;</a>&nbsp;&nbsp;&nbsp;main
</UL>

<P><STRONG><a name="[a7]"></a>__use_two_region_memory</STRONG> (Thumb, 2 bytes, Stack size 0 bytes, heapauxi.o(.text), UNUSED)

<P><STRONG><a name="[a8]"></a>__rt_heap_escrow$2region</STRONG> (Thumb, 2 bytes, Stack size 0 bytes, heapauxi.o(.text), UNUSED)

<P><STRONG><a name="[a9]"></a>__rt_heap_expand$2region</STRONG> (Thumb, 2 bytes, Stack size 0 bytes, heapauxi.o(.text), UNUSED)

<P><STRONG><a name="[32]"></a>_printf_int_common</STRONG> (Thumb, 178 bytes, Stack size 32 bytes, _printf_intcommon.o(.text))
<BR><BR>[Stack]<UL><LI>Max Depth = 32<LI>Call Chain = _printf_int_common
</UL>
<BR>[Called By]<UL><LI><a href="#[1d]">&gt;&gt;</a>&nbsp;&nbsp;&nbsp;_printf_int_hex
<LI><a href="#[1b]">&gt;&gt;</a>&nbsp;&nbsp;&nbsp;_printf_int_dec
</UL>

<P><STRONG><a name="[36]"></a>_printf_cs_common</STRONG> (Thumb, 20 bytes, Stack size 8 bytes, _printf_char.o(.text))
<BR><BR>[Stack]<UL><LI>Max Depth = 24<LI>Call Chain = _printf_cs_common &rArr; _printf_str
</UL>
<BR>[Calls]<UL><LI><a href="#[37]">&gt;&gt;</a>&nbsp;&nbsp;&nbsp;_printf_str
</UL>
<BR>[Called By]<UL><LI><a href="#[1f]">&gt;&gt;</a>&nbsp;&nbsp;&nbsp;_printf_string
<LI><a href="#[38]">&gt;&gt;</a>&nbsp;&nbsp;&nbsp;_printf_char
</UL>

<P><STRONG><a name="[38]"></a>_printf_char</STRONG> (Thumb, 16 bytes, Stack size 0 bytes, _printf_char.o(.text), UNUSED)
<BR><BR>[Calls]<UL><LI><a href="#[36]">&gt;&gt;</a>&nbsp;&nbsp;&nbsp;_printf_cs_common
</UL>

<P><STRONG><a name="[1f]"></a>_printf_string</STRONG> (Thumb, 8 bytes, Stack size 0 bytes, _printf_char.o(.text))
<BR><BR>[Stack]<UL><LI>Max Depth = 24<LI>Call Chain = _printf_string &rArr; _printf_cs_common &rArr; _printf_str
</UL>
<BR>[Calls]<UL><LI><a href="#[36]">&gt;&gt;</a>&nbsp;&nbsp;&nbsp;_printf_cs_common
</UL>
<BR>[Called By]<UL><LI><a href="#[1e]">&gt;&gt;</a>&nbsp;&nbsp;&nbsp;_printf_s
</UL>

<P><STRONG><a name="[2f]"></a>_printf_char_file</STRONG> (Thumb, 32 bytes, Stack size 16 bytes, _printf_char_file.o(.text))
<BR><BR>[Stack]<UL><LI>Max Depth = 104 + Unknown Stack Size
<LI>Call Chain = _printf_char_file &rArr; _printf_char_common &rArr; __printf
</UL>
<BR>[Calls]<UL><LI><a href="#[3a]">&gt;&gt;</a>&nbsp;&nbsp;&nbsp;ferror
<LI><a href="#[39]">&gt;&gt;</a>&nbsp;&nbsp;&nbsp;_printf_char_common
</UL>
<BR>[Called By]<UL><LI><a href="#[2e]">&gt;&gt;</a>&nbsp;&nbsp;&nbsp;__2printf
</UL>

<P><STRONG><a name="[39]"></a>_printf_char_common</STRONG> (Thumb, 32 bytes, Stack size 64 bytes, _printf_char_common.o(.text))
<BR><BR>[Stack]<UL><LI>Max Depth = 88 + Unknown Stack Size
<LI>Call Chain = _printf_char_common &rArr; __printf
</UL>
<BR>[Calls]<UL><LI><a href="#[30]">&gt;&gt;</a>&nbsp;&nbsp;&nbsp;__printf
</UL>
<BR>[Called By]<UL><LI><a href="#[2f]">&gt;&gt;</a>&nbsp;&nbsp;&nbsp;_printf_char_file
</UL>

<P><STRONG><a name="[23]"></a>__user_setup_stackheap</STRONG> (Thumb, 74 bytes, Stack size 8 bytes, sys_stackheap_outer.o(.text))
<BR><BR>[Stack]<UL><LI>Max Depth = 8 + Unknown Stack Size
<LI>Call Chain = __user_setup_stackheap
</UL>
<BR>[Calls]<UL><LI><a href="#[3c]">&gt;&gt;</a>&nbsp;&nbsp;&nbsp;__user_initial_stackheap
<LI><a href="#[3b]">&gt;&gt;</a>&nbsp;&nbsp;&nbsp;__user_perproc_libspace
</UL>
<BR>[Called By]<UL><LI><a href="#[22]">&gt;&gt;</a>&nbsp;&nbsp;&nbsp;__rt_entry_sh
</UL>

<P><STRONG><a name="[28]"></a>exit</STRONG> (Thumb, 12 bytes, Stack size 0 bytes, exit.o(.text))
<BR><BR>[Calls]<UL><LI><a href="#[3d]">&gt;&gt;</a>&nbsp;&nbsp;&nbsp;__rt_exit
</UL>
<BR>[Called By]<UL><LI><a href="#[26]">&gt;&gt;</a>&nbsp;&nbsp;&nbsp;__rt_entry_main
</UL>

<P><STRONG><a name="[aa]"></a>__user_libspace</STRONG> (Thumb, 8 bytes, Stack size 0 bytes, libspace.o(.text), UNUSED)

<P><STRONG><a name="[3b]"></a>__user_perproc_libspace</STRONG> (Thumb, 0 bytes, Stack size 0 bytes, libspace.o(.text))
<BR><BR>[Called By]<UL><LI><a href="#[23]">&gt;&gt;</a>&nbsp;&nbsp;&nbsp;__user_setup_stackheap
</UL>

<P><STRONG><a name="[ab]"></a>__user_perthread_libspace</STRONG> (Thumb, 0 bytes, Stack size 0 bytes, libspace.o(.text), UNUSED)

<P><STRONG><a name="[41]"></a>CPUgetPRIMASK_cpsid</STRONG> (Thumb, 8 bytes, Stack size 0 bytes, es_port.o(i.CPUgetPRIMASK_cpsid))
<BR><BR>[Called By]<UL><LI><a href="#[43]">&gt;&gt;</a>&nbsp;&nbsp;&nbsp;ES_EnQueueFIFO
<LI><a href="#[40]">&gt;&gt;</a>&nbsp;&nbsp;&nbsp;ES_DeQueue
</UL>

<P><STRONG><a name="[42]"></a>CPUsetPRIMASK</STRONG> (Thumb, 6 bytes, Stack size 0 bytes, es_port.o(i.CPUsetPRIMASK))
<BR><BR>[Called By]<UL><LI><a href="#[43]">&gt;&gt;</a>&nbsp;&nbsp;&nbsp;ES_EnQueueFIFO
<LI><a href="#[40]">&gt;&gt;</a>&nbsp;&nbsp;&nbsp;ES_DeQueue
</UL>

<P><STRONG><a name="[f]"></a>Check4Keystroke</STRONG> (Thumb, 80 bytes, Stack size 8 bytes, eventcheckers.o(i.Check4Keystroke))
<BR><BR>[Stack]<UL><LI>Max Depth = 32<LI>Call Chain = Check4Keystroke &rArr; PostActionService &rArr; ES_PostToService &rArr; ES_EnQueueFIFO
</UL>
<BR>[Calls]<UL><LI><a href="#[3e]">&gt;&gt;</a>&nbsp;&nbsp;&nbsp;kbhit
<LI><a href="#[3f]">&gt;&gt;</a>&nbsp;&nbsp;&nbsp;PostActionService
<LI><a href="#[33]">&gt;&gt;</a>&nbsp;&nbsp;&nbsp;getc
</UL>
<BR>[Address Reference Count : 1]<UL><LI> es_checkevents.o(.constdata)
</UL>
<P><STRONG><a name="[4b]"></a>ES_CheckUserEvents</STRONG> (Thumb, 34 bytes, Stack size 16 bytes, es_checkevents.o(i.ES_CheckUserEvents))
<BR><BR>[Stack]<UL><LI>Max Depth = 16<LI>Call Chain = ES_CheckUserEvents
</UL>
<BR>[Called By]<UL><LI><a href="#[48]">&gt;&gt;</a>&nbsp;&nbsp;&nbsp;ES_Run
</UL>

<P><STRONG><a name="[40]"></a>ES_DeQueue</STRONG> (Thumb, 80 bytes, Stack size 16 bytes, es_queue.o(i.ES_DeQueue))
<BR><BR>[Stack]<UL><LI>Max Depth = 16<LI>Call Chain = ES_DeQueue
</UL>
<BR>[Calls]<UL><LI><a href="#[42]">&gt;&gt;</a>&nbsp;&nbsp;&nbsp;CPUsetPRIMASK
<LI><a href="#[41]">&gt;&gt;</a>&nbsp;&nbsp;&nbsp;CPUgetPRIMASK_cpsid
</UL>
<BR>[Called By]<UL><LI><a href="#[48]">&gt;&gt;</a>&nbsp;&nbsp;&nbsp;ES_Run
</UL>

<P><STRONG><a name="[43]"></a>ES_EnQueueFIFO</STRONG> (Thumb, 66 bytes, Stack size 16 bytes, es_queue.o(i.ES_EnQueueFIFO))
<BR><BR>[Stack]<UL><LI>Max Depth = 16<LI>Call Chain = ES_EnQueueFIFO
</UL>
<BR>[Calls]<UL><LI><a href="#[42]">&gt;&gt;</a>&nbsp;&nbsp;&nbsp;CPUsetPRIMASK
<LI><a href="#[41]">&gt;&gt;</a>&nbsp;&nbsp;&nbsp;CPUgetPRIMASK_cpsid
</UL>
<BR>[Called By]<UL><LI><a href="#[47]">&gt;&gt;</a>&nbsp;&nbsp;&nbsp;ES_PostToService
</UL>

<P><STRONG><a name="[49]"></a>ES_GetMSBitSet</STRONG> (Thumb, 48 bytes, Stack size 8 bytes, es_lookuptables.o(i.ES_GetMSBitSet))
<BR><BR>[Stack]<UL><LI>Max Depth = 8<LI>Call Chain = ES_GetMSBitSet
</UL>
<BR>[Called By]<UL><LI><a href="#[4d]">&gt;&gt;</a>&nbsp;&nbsp;&nbsp;ES_Timer_Tick_Resp
<LI><a href="#[48]">&gt;&gt;</a>&nbsp;&nbsp;&nbsp;ES_Run
</UL>

<P><STRONG><a name="[46]"></a>ES_InitQueue</STRONG> (Thumb, 16 bytes, Stack size 0 bytes, es_queue.o(i.ES_InitQueue))
<BR><BR>[Called By]<UL><LI><a href="#[44]">&gt;&gt;</a>&nbsp;&nbsp;&nbsp;ES_Initialize
</UL>

<P><STRONG><a name="[44]"></a>ES_Initialize</STRONG> (Thumb, 72 bytes, Stack size 16 bytes, es_framework.o(i.ES_Initialize))
<BR><BR>[Stack]<UL><LI>Max Depth = 32<LI>Call Chain = ES_Initialize &rArr; ES_Timer_Init &rArr; _HW_Timer_Init &rArr; IntMasterEnable
</UL>
<BR>[Calls]<UL><LI><a href="#[45]">&gt;&gt;</a>&nbsp;&nbsp;&nbsp;ES_Timer_Init
<LI><a href="#[46]">&gt;&gt;</a>&nbsp;&nbsp;&nbsp;ES_InitQueue
</UL>
<BR>[Called By]<UL><LI><a href="#[27]">&gt;&gt;</a>&nbsp;&nbsp;&nbsp;main
</UL>

<P><STRONG><a name="[47]"></a>ES_PostToService</STRONG> (Thumb, 42 bytes, Stack size 8 bytes, es_framework.o(i.ES_PostToService))
<BR><BR>[Stack]<UL><LI>Max Depth = 24<LI>Call Chain = ES_PostToService &rArr; ES_EnQueueFIFO
</UL>
<BR>[Calls]<UL><LI><a href="#[43]">&gt;&gt;</a>&nbsp;&nbsp;&nbsp;ES_EnQueueFIFO
</UL>
<BR>[Called By]<UL><LI><a href="#[9]">&gt;&gt;</a>&nbsp;&nbsp;&nbsp;ShortTimerBHandler
<LI><a href="#[8]">&gt;&gt;</a>&nbsp;&nbsp;&nbsp;ShortTimerAHandler
<LI><a href="#[3f]">&gt;&gt;</a>&nbsp;&nbsp;&nbsp;PostActionService
</UL>

<P><STRONG><a name="[48]"></a>ES_Run</STRONG> (Thumb, 84 bytes, Stack size 16 bytes, es_framework.o(i.ES_Run))
<BR><BR>[Stack]<UL><LI>Max Depth = 48<LI>Call Chain = ES_Run &rArr; _HW_Process_Pending_Ints &rArr; ES_Timer_Tick_Resp &rArr; ES_GetMSBitSet
</UL>
<BR>[Calls]<UL><LI><a href="#[4a]">&gt;&gt;</a>&nbsp;&nbsp;&nbsp;_HW_Process_Pending_Ints
<LI><a href="#[49]">&gt;&gt;</a>&nbsp;&nbsp;&nbsp;ES_GetMSBitSet
<LI><a href="#[4b]">&gt;&gt;</a>&nbsp;&nbsp;&nbsp;ES_CheckUserEvents
<LI><a href="#[40]">&gt;&gt;</a>&nbsp;&nbsp;&nbsp;ES_DeQueue
</UL>
<BR>[Called By]<UL><LI><a href="#[27]">&gt;&gt;</a>&nbsp;&nbsp;&nbsp;main
</UL>

<P><STRONG><a name="[45]"></a>ES_Timer_Init</STRONG> (Thumb, 4 bytes, Stack size 0 bytes, es_timers.o(i.ES_Timer_Init))
<BR><BR>[Stack]<UL><LI>Max Depth = 16<LI>Call Chain = ES_Timer_Init &rArr; _HW_Timer_Init &rArr; IntMasterEnable
</UL>
<BR>[Calls]<UL><LI><a href="#[4c]">&gt;&gt;</a>&nbsp;&nbsp;&nbsp;_HW_Timer_Init
</UL>
<BR>[Called By]<UL><LI><a href="#[44]">&gt;&gt;</a>&nbsp;&nbsp;&nbsp;ES_Initialize
</UL>

<P><STRONG><a name="[4d]"></a>ES_Timer_Tick_Resp</STRONG> (Thumb, 90 bytes, Stack size 16 bytes, es_timers.o(i.ES_Timer_Tick_Resp))
<BR><BR>[Stack]<UL><LI>Max Depth = 24<LI>Call Chain = ES_Timer_Tick_Resp &rArr; ES_GetMSBitSet
</UL>
<BR>[Calls]<UL><LI><a href="#[49]">&gt;&gt;</a>&nbsp;&nbsp;&nbsp;ES_GetMSBitSet
</UL>
<BR>[Called By]<UL><LI><a href="#[4a]">&gt;&gt;</a>&nbsp;&nbsp;&nbsp;_HW_Process_Pending_Ints
</UL>

<P><STRONG><a name="[61]"></a>EnableIRInterrupt</STRONG> (Thumb, 12 bytes, Stack size 0 bytes, actionservice.o(i.EnableIRInterrupt))
<BR><BR>[Called By]<UL><LI><a href="#[11]">&gt;&gt;</a>&nbsp;&nbsp;&nbsp;RunActionService
</UL>

<P><STRONG><a name="[62]"></a>EnableTapeInterrupt</STRONG> (Thumb, 12 bytes, Stack size 0 bytes, tapemodule.o(i.EnableTapeInterrupt))
<BR><BR>[Called By]<UL><LI><a href="#[11]">&gt;&gt;</a>&nbsp;&nbsp;&nbsp;RunActionService
</UL>

<P><STRONG><a name="[4f]"></a>GPIODirModeSet</STRONG> (Thumb, 40 bytes, Stack size 0 bytes, gpio.o(i.GPIODirModeSet))
<BR><BR>[Called By]<UL><LI><a href="#[4e]">&gt;&gt;</a>&nbsp;&nbsp;&nbsp;GPIOPinTypeUART
</UL>

<P><STRONG><a name="[50]"></a>GPIOPadConfigSet</STRONG> (Thumb, 314 bytes, Stack size 28 bytes, gpio.o(i.GPIOPadConfigSet))
<BR><BR>[Stack]<UL><LI>Max Depth = 28<LI>Call Chain = GPIOPadConfigSet
</UL>
<BR>[Called By]<UL><LI><a href="#[4e]">&gt;&gt;</a>&nbsp;&nbsp;&nbsp;GPIOPinTypeUART
</UL>

<P><STRONG><a name="[6e]"></a>GPIOPinConfigure</STRONG> (Thumb, 64 bytes, Stack size 0 bytes, gpio.o(i.GPIOPinConfigure))
<BR><BR>[Called By]<UL><LI><a href="#[6c]">&gt;&gt;</a>&nbsp;&nbsp;&nbsp;TERMIO_Init
</UL>

<P><STRONG><a name="[4e]"></a>GPIOPinTypeUART</STRONG> (Thumb, 28 bytes, Stack size 12 bytes, gpio.o(i.GPIOPinTypeUART))
<BR><BR>[Stack]<UL><LI>Max Depth = 40<LI>Call Chain = GPIOPinTypeUART &rArr; GPIOPadConfigSet
</UL>
<BR>[Calls]<UL><LI><a href="#[50]">&gt;&gt;</a>&nbsp;&nbsp;&nbsp;GPIOPadConfigSet
<LI><a href="#[4f]">&gt;&gt;</a>&nbsp;&nbsp;&nbsp;GPIODirModeSet
</UL>
<BR>[Called By]<UL><LI><a href="#[6c]">&gt;&gt;</a>&nbsp;&nbsp;&nbsp;TERMIO_Init
</UL>

<P><STRONG><a name="[12]"></a>InitSPIService</STRONG> (Thumb, 20 bytes, Stack size 8 bytes, spiservice.o(i.InitSPIService))
<BR><BR>[Stack]<UL><LI>Max Depth = 136 + Unknown Stack Size
<LI>Call Chain = InitSPIService &rArr; InitSerialHardware &rArr; __2printf &rArr; _printf_char_file &rArr; _printf_char_common &rArr; __printf
</UL>
<BR>[Calls]<UL><LI><a href="#[53]">&gt;&gt;</a>&nbsp;&nbsp;&nbsp;InitSerialHardware
<LI><a href="#[2e]">&gt;&gt;</a>&nbsp;&nbsp;&nbsp;__2printf
</UL>
<BR>[Address Reference Count : 1]<UL><LI> es_framework.o(.constdata)
</UL>
<P><STRONG><a name="[54]"></a>InitTapeInterrupt</STRONG> (Thumb, 140 bytes, Stack size 0 bytes, tapemodule.o(i.InitTapeInterrupt))
<BR><BR>[Stack]<UL><LI>Max Depth = 128 + Unknown Stack Size
<LI>Call Chain = InitTapeInterrupt &rArr; __2printf &rArr; _printf_char_file &rArr; _printf_char_common &rArr; __printf
</UL>
<BR>[Calls]<UL><LI><a href="#[2e]">&gt;&gt;</a>&nbsp;&nbsp;&nbsp;__2printf
</UL>
<BR>[Called By]<UL><LI><a href="#[10]">&gt;&gt;</a>&nbsp;&nbsp;&nbsp;InitializeActionService
</UL>

<P><STRONG><a name="[10]"></a>InitializeActionService</STRONG> (Thumb, 142 bytes, Stack size 24 bytes, actionservice.o(i.InitializeActionService))
<BR><BR>[Stack]<UL><LI>Max Depth = 152 + Unknown Stack Size
<LI>Call Chain = InitializeActionService &rArr; InitTapeInterrupt &rArr; __2printf &rArr; _printf_char_file &rArr; _printf_char_common &rArr; __printf
</UL>
<BR>[Calls]<UL><LI><a href="#[54]">&gt;&gt;</a>&nbsp;&nbsp;&nbsp;InitTapeInterrupt
<LI><a href="#[52]">&gt;&gt;</a>&nbsp;&nbsp;&nbsp;InitOneShotISR
<LI><a href="#[51]">&gt;&gt;</a>&nbsp;&nbsp;&nbsp;InitInputCaptureForIRDetection
<LI><a href="#[55]">&gt;&gt;</a>&nbsp;&nbsp;&nbsp;InitializePWM
<LI><a href="#[57]">&gt;&gt;</a>&nbsp;&nbsp;&nbsp;__aeabi_dmul
<LI><a href="#[56]">&gt;&gt;</a>&nbsp;&nbsp;&nbsp;__aeabi_ui2d
<LI><a href="#[59]">&gt;&gt;</a>&nbsp;&nbsp;&nbsp;__aeabi_d2uiz
<LI><a href="#[58]">&gt;&gt;</a>&nbsp;&nbsp;&nbsp;__aeabi_dsub
<LI><a href="#[5a]">&gt;&gt;</a>&nbsp;&nbsp;&nbsp;__aeabi_dadd
<LI><a href="#[2e]">&gt;&gt;</a>&nbsp;&nbsp;&nbsp;__2printf
</UL>
<BR>[Address Reference Count : 1]<UL><LI> es_framework.o(.constdata)
</UL>
<P><STRONG><a name="[55]"></a>InitializePWM</STRONG> (Thumb, 152 bytes, Stack size 0 bytes, pwmmodule.o(i.InitializePWM))
<BR><BR>[Called By]<UL><LI><a href="#[10]">&gt;&gt;</a>&nbsp;&nbsp;&nbsp;InitializeActionService
</UL>

<P><STRONG><a name="[c]"></a>InputCaptureISRForIRDetection</STRONG> (Thumb, 64 bytes, Stack size 0 bytes, actionservice.o(i.InputCaptureISRForIRDetection))
<BR><BR>[Stack]<UL><LI>Max Depth = 24<LI>Call Chain = InputCaptureISRForIRDetection &rArr; PostActionService &rArr; ES_PostToService &rArr; ES_EnQueueFIFO
</UL>
<BR>[Calls]<UL><LI><a href="#[3f]">&gt;&gt;</a>&nbsp;&nbsp;&nbsp;PostActionService
</UL>
<BR>[Address Reference Count : 1]<UL><LI> startup_rvmdk.o(RESET)
</UL>
<P><STRONG><a name="[5b]"></a>IntMasterEnable</STRONG> (Thumb, 14 bytes, Stack size 8 bytes, interrupt.o(i.IntMasterEnable))
<BR><BR>[Stack]<UL><LI>Max Depth = 8<LI>Call Chain = IntMasterEnable
</UL>
<BR>[Calls]<UL><LI><a href="#[5c]">&gt;&gt;</a>&nbsp;&nbsp;&nbsp;CPUcpsie
</UL>
<BR>[Called By]<UL><LI><a href="#[4c]">&gt;&gt;</a>&nbsp;&nbsp;&nbsp;_HW_Timer_Init
</UL>

<P><STRONG><a name="[b]"></a>OneShotISR</STRONG> (Thumb, 12 bytes, Stack size 0 bytes, actionservice.o(i.OneShotISR))
<BR><BR>[Stack]<UL><LI>Max Depth = 152 + Unknown Stack Size
<LI>Call Chain = OneShotISR &rArr; stop &rArr; SetPWMDutyCycle &rArr; __2printf &rArr; _printf_char_file &rArr; _printf_char_common &rArr; __printf
</UL>
<BR>[Calls]<UL><LI><a href="#[5d]">&gt;&gt;</a>&nbsp;&nbsp;&nbsp;stop
</UL>
<BR>[Address Reference Count : 1]<UL><LI> startup_rvmdk.o(RESET)
</UL>
<P><STRONG><a name="[3f]"></a>PostActionService</STRONG> (Thumb, 10 bytes, Stack size 0 bytes, actionservice.o(i.PostActionService))
<BR><BR>[Stack]<UL><LI>Max Depth = 24<LI>Call Chain = PostActionService &rArr; ES_PostToService &rArr; ES_EnQueueFIFO
</UL>
<BR>[Calls]<UL><LI><a href="#[47]">&gt;&gt;</a>&nbsp;&nbsp;&nbsp;ES_PostToService
</UL>
<BR>[Called By]<UL><LI><a href="#[a]">&gt;&gt;</a>&nbsp;&nbsp;&nbsp;TapeInterruptResponse
<LI><a href="#[c]">&gt;&gt;</a>&nbsp;&nbsp;&nbsp;InputCaptureISRForIRDetection
<LI><a href="#[7]">&gt;&gt;</a>&nbsp;&nbsp;&nbsp;SPI_InterruptResponse
<LI><a href="#[f]">&gt;&gt;</a>&nbsp;&nbsp;&nbsp;Check4Keystroke
</UL>

<P><STRONG><a name="[63]"></a>QuerySPI</STRONG> (Thumb, 22 bytes, Stack size 0 bytes, spiservice.o(i.QuerySPI))
<BR><BR>[Called By]<UL><LI><a href="#[13]">&gt;&gt;</a>&nbsp;&nbsp;&nbsp;RunSPIService
</UL>

<P><STRONG><a name="[11]"></a>RunActionService</STRONG> (Thumb, 246 bytes, Stack size 24 bytes, actionservice.o(i.RunActionService))
<BR><BR>[Stack]<UL><LI>Max Depth = 192 + Unknown Stack Size
<LI>Call Chain = RunActionService &rArr; start2rotate &rArr; SetPWMDutyCycle &rArr; __2printf &rArr; _printf_char_file &rArr; _printf_char_common &rArr; __printf
</UL>
<BR>[Calls]<UL><LI><a href="#[5d]">&gt;&gt;</a>&nbsp;&nbsp;&nbsp;stop
<LI><a href="#[5f]">&gt;&gt;</a>&nbsp;&nbsp;&nbsp;start2rotate
<LI><a href="#[60]">&gt;&gt;</a>&nbsp;&nbsp;&nbsp;drive
<LI><a href="#[62]">&gt;&gt;</a>&nbsp;&nbsp;&nbsp;EnableTapeInterrupt
<LI><a href="#[61]">&gt;&gt;</a>&nbsp;&nbsp;&nbsp;EnableIRInterrupt
<LI><a href="#[5e]">&gt;&gt;</a>&nbsp;&nbsp;&nbsp;SetTimeoutAndStartOneShot
<LI><a href="#[2e]">&gt;&gt;</a>&nbsp;&nbsp;&nbsp;__2printf
</UL>
<BR>[Address Reference Count : 1]<UL><LI> es_framework.o(.constdata)
</UL>
<P><STRONG><a name="[13]"></a>RunSPIService</STRONG> (Thumb, 42 bytes, Stack size 16 bytes, spiservice.o(i.RunSPIService))
<BR><BR>[Stack]<UL><LI>Max Depth = 144 + Unknown Stack Size
<LI>Call Chain = RunSPIService &rArr; __2printf &rArr; _printf_char_file &rArr; _printf_char_common &rArr; __printf
</UL>
<BR>[Calls]<UL><LI><a href="#[63]">&gt;&gt;</a>&nbsp;&nbsp;&nbsp;QuerySPI
<LI><a href="#[2e]">&gt;&gt;</a>&nbsp;&nbsp;&nbsp;__2printf
</UL>
<BR>[Address Reference Count : 1]<UL><LI> es_framework.o(.constdata)
</UL>
<P><STRONG><a name="[7]"></a>SPI_InterruptResponse</STRONG> (Thumb, 40 bytes, Stack size 8 bytes, spiservice.o(i.SPI_InterruptResponse))
<BR><BR>[Stack]<UL><LI>Max Depth = 32<LI>Call Chain = SPI_InterruptResponse &rArr; PostActionService &rArr; ES_PostToService &rArr; ES_EnQueueFIFO
</UL>
<BR>[Calls]<UL><LI><a href="#[3f]">&gt;&gt;</a>&nbsp;&nbsp;&nbsp;PostActionService
</UL>
<BR>[Address Reference Count : 1]<UL><LI> startup_rvmdk.o(RESET)
</UL>
<P><STRONG><a name="[64]"></a>SetPWMDutyCycle</STRONG> (Thumb, 234 bytes, Stack size 16 bytes, pwmmodule.o(i.SetPWMDutyCycle))
<BR><BR>[Stack]<UL><LI>Max Depth = 144 + Unknown Stack Size
<LI>Call Chain = SetPWMDutyCycle &rArr; __2printf &rArr; _printf_char_file &rArr; _printf_char_common &rArr; __printf
</UL>
<BR>[Calls]<UL><LI><a href="#[66]">&gt;&gt;</a>&nbsp;&nbsp;&nbsp;Set100DC
<LI><a href="#[67]">&gt;&gt;</a>&nbsp;&nbsp;&nbsp;Set0DC
<LI><a href="#[65]">&gt;&gt;</a>&nbsp;&nbsp;&nbsp;RestoreDC
<LI><a href="#[2e]">&gt;&gt;</a>&nbsp;&nbsp;&nbsp;__2printf
</UL>
<BR>[Called By]<UL><LI><a href="#[5d]">&gt;&gt;</a>&nbsp;&nbsp;&nbsp;stop
<LI><a href="#[5f]">&gt;&gt;</a>&nbsp;&nbsp;&nbsp;start2rotate
<LI><a href="#[60]">&gt;&gt;</a>&nbsp;&nbsp;&nbsp;drive
</UL>

<P><STRONG><a name="[8]"></a>ShortTimerAHandler</STRONG> (Thumb, 42 bytes, Stack size 8 bytes, es_shorttimer.o(i.ShortTimerAHandler))
<BR><BR>[Stack]<UL><LI>Max Depth = 32<LI>Call Chain = ShortTimerAHandler &rArr; ES_PostToService &rArr; ES_EnQueueFIFO
</UL>
<BR>[Calls]<UL><LI><a href="#[68]">&gt;&gt;</a>&nbsp;&nbsp;&nbsp;TimerIntClear
<LI><a href="#[47]">&gt;&gt;</a>&nbsp;&nbsp;&nbsp;ES_PostToService
</UL>
<BR>[Address Reference Count : 1]<UL><LI> startup_rvmdk.o(RESET)
</UL>
<P><STRONG><a name="[9]"></a>ShortTimerBHandler</STRONG> (Thumb, 46 bytes, Stack size 8 bytes, es_shorttimer.o(i.ShortTimerBHandler))
<BR><BR>[Stack]<UL><LI>Max Depth = 32<LI>Call Chain = ShortTimerBHandler &rArr; ES_PostToService &rArr; ES_EnQueueFIFO
</UL>
<BR>[Calls]<UL><LI><a href="#[68]">&gt;&gt;</a>&nbsp;&nbsp;&nbsp;TimerIntClear
<LI><a href="#[47]">&gt;&gt;</a>&nbsp;&nbsp;&nbsp;ES_PostToService
</UL>
<BR>[Address Reference Count : 1]<UL><LI> startup_rvmdk.o(RESET)
</UL>
<P><STRONG><a name="[69]"></a>SysCtlClockSet</STRONG> (Thumb, 270 bytes, Stack size 8 bytes, sysctl.o(i.SysCtlClockSet))
<BR><BR>[Stack]<UL><LI>Max Depth = 8<LI>Call Chain = SysCtlClockSet
</UL>
<BR>[Calls]<UL><LI><a href="#[2d]">&gt;&gt;</a>&nbsp;&nbsp;&nbsp;SysCtlDelay
</UL>
<BR>[Called By]<UL><LI><a href="#[27]">&gt;&gt;</a>&nbsp;&nbsp;&nbsp;main
</UL>

<P><STRONG><a name="[6d]"></a>SysCtlPeripheralEnable</STRONG> (Thumb, 36 bytes, Stack size 0 bytes, sysctl.o(i.SysCtlPeripheralEnable))
<BR><BR>[Called By]<UL><LI><a href="#[6c]">&gt;&gt;</a>&nbsp;&nbsp;&nbsp;TERMIO_Init
</UL>

<P><STRONG><a name="[75]"></a>SysTickEnable</STRONG> (Thumb, 14 bytes, Stack size 0 bytes, systick.o(i.SysTickEnable))
<BR><BR>[Called By]<UL><LI><a href="#[4c]">&gt;&gt;</a>&nbsp;&nbsp;&nbsp;_HW_Timer_Init
</UL>

<P><STRONG><a name="[74]"></a>SysTickIntEnable</STRONG> (Thumb, 14 bytes, Stack size 0 bytes, systick.o(i.SysTickIntEnable))
<BR><BR>[Called By]<UL><LI><a href="#[4c]">&gt;&gt;</a>&nbsp;&nbsp;&nbsp;_HW_Timer_Init
</UL>

<P><STRONG><a name="[6]"></a>SysTickIntHandler</STRONG> (Thumb, 16 bytes, Stack size 0 bytes, es_port.o(i.SysTickIntHandler))
<BR>[Address Reference Count : 1]<UL><LI> startup_rvmdk.o(RESET)
</UL>
<P><STRONG><a name="[73]"></a>SysTickPeriodSet</STRONG> (Thumb, 10 bytes, Stack size 0 bytes, systick.o(i.SysTickPeriodSet))
<BR><BR>[Called By]<UL><LI><a href="#[4c]">&gt;&gt;</a>&nbsp;&nbsp;&nbsp;_HW_Timer_Init
</UL>

<P><STRONG><a name="[6a]"></a>TERMIO_GetChar</STRONG> (Thumb, 4 bytes, Stack size 0 bytes, termio.o(i.TERMIO_GetChar))
<BR><BR>[Stack]<UL><LI>Max Depth = 8<LI>Call Chain = TERMIO_GetChar &rArr; UARTgetc
</UL>
<BR>[Calls]<UL><LI><a href="#[6b]">&gt;&gt;</a>&nbsp;&nbsp;&nbsp;UARTgetc
</UL>
<BR>[Called By]<UL><LI><a href="#[34]">&gt;&gt;</a>&nbsp;&nbsp;&nbsp;fgetc
</UL>

<P><STRONG><a name="[6c]"></a>TERMIO_Init</STRONG> (Thumb, 62 bytes, Stack size 8 bytes, termio.o(i.TERMIO_Init))
<BR><BR>[Stack]<UL><LI>Max Depth = 48<LI>Call Chain = TERMIO_Init &rArr; GPIOPinTypeUART &rArr; GPIOPadConfigSet
</UL>
<BR>[Calls]<UL><LI><a href="#[70]">&gt;&gt;</a>&nbsp;&nbsp;&nbsp;UARTStdioConfig
<LI><a href="#[6f]">&gt;&gt;</a>&nbsp;&nbsp;&nbsp;UARTClockSourceSet
<LI><a href="#[4e]">&gt;&gt;</a>&nbsp;&nbsp;&nbsp;GPIOPinTypeUART
<LI><a href="#[6e]">&gt;&gt;</a>&nbsp;&nbsp;&nbsp;GPIOPinConfigure
<LI><a href="#[6d]">&gt;&gt;</a>&nbsp;&nbsp;&nbsp;SysCtlPeripheralEnable
</UL>
<BR>[Called By]<UL><LI><a href="#[27]">&gt;&gt;</a>&nbsp;&nbsp;&nbsp;main
</UL>

<P><STRONG><a name="[71]"></a>TERMIO_PutChar</STRONG> (Thumb, 8 bytes, Stack size 0 bytes, termio.o(i.TERMIO_PutChar))
<BR><BR>[Calls]<UL><LI><a href="#[72]">&gt;&gt;</a>&nbsp;&nbsp;&nbsp;UARTCharPut
</UL>
<BR>[Called By]<UL><LI><a href="#[d]">&gt;&gt;</a>&nbsp;&nbsp;&nbsp;fputc
</UL>

<P><STRONG><a name="[a]"></a>TapeInterruptResponse</STRONG> (Thumb, 32 bytes, Stack size 8 bytes, tapemodule.o(i.TapeInterruptResponse))
<BR><BR>[Stack]<UL><LI>Max Depth = 32<LI>Call Chain = TapeInterruptResponse &rArr; PostActionService &rArr; ES_PostToService &rArr; ES_EnQueueFIFO
</UL>
<BR>[Calls]<UL><LI><a href="#[3f]">&gt;&gt;</a>&nbsp;&nbsp;&nbsp;PostActionService
</UL>
<BR>[Address Reference Count : 1]<UL><LI> startup_rvmdk.o(RESET)
</UL>
<P><STRONG><a name="[68]"></a>TimerIntClear</STRONG> (Thumb, 4 bytes, Stack size 0 bytes, timer.o(i.TimerIntClear))
<BR><BR>[Called By]<UL><LI><a href="#[9]">&gt;&gt;</a>&nbsp;&nbsp;&nbsp;ShortTimerBHandler
<LI><a href="#[8]">&gt;&gt;</a>&nbsp;&nbsp;&nbsp;ShortTimerAHandler
</UL>

<P><STRONG><a name="[72]"></a>UARTCharPut</STRONG> (Thumb, 12 bytes, Stack size 0 bytes, uart.o(i.UARTCharPut))
<BR><BR>[Calls]<UL><LI><a href="#[72]">&gt;&gt;</a>&nbsp;&nbsp;&nbsp;UARTCharPut
</UL>
<BR>[Called By]<UL><LI><a href="#[72]">&gt;&gt;</a>&nbsp;&nbsp;&nbsp;UARTCharPut
<LI><a href="#[71]">&gt;&gt;</a>&nbsp;&nbsp;&nbsp;TERMIO_PutChar
</UL>

<P><STRONG><a name="[6f]"></a>UARTClockSourceSet</STRONG> (Thumb, 6 bytes, Stack size 0 bytes, uart.o(i.UARTClockSourceSet))
<BR><BR>[Called By]<UL><LI><a href="#[6c]">&gt;&gt;</a>&nbsp;&nbsp;&nbsp;TERMIO_Init
</UL>

<P><STRONG><a name="[70]"></a>UARTStdioConfig</STRONG> (Thumb, 82 bytes, Stack size 32 bytes, uartstdio.o(i.UARTStdioConfig))
<BR><BR>[Stack]<UL><LI>Max Depth = 32<LI>Call Chain = UARTStdioConfig
</UL>
<BR>[Called By]<UL><LI><a href="#[6c]">&gt;&gt;</a>&nbsp;&nbsp;&nbsp;TERMIO_Init
</UL>

<P><STRONG><a name="[6b]"></a>UARTgetc</STRONG> (Thumb, 20 bytes, Stack size 8 bytes, uartstdio.o(i.UARTgetc))
<BR><BR>[Stack]<UL><LI>Max Depth = 8<LI>Call Chain = UARTgetc
</UL>
<BR>[Called By]<UL><LI><a href="#[6a]">&gt;&gt;</a>&nbsp;&nbsp;&nbsp;TERMIO_GetChar
</UL>

<P><STRONG><a name="[4a]"></a>_HW_Process_Pending_Ints</STRONG> (Thumb, 26 bytes, Stack size 8 bytes, es_port.o(i._HW_Process_Pending_Ints))
<BR><BR>[Stack]<UL><LI>Max Depth = 32<LI>Call Chain = _HW_Process_Pending_Ints &rArr; ES_Timer_Tick_Resp &rArr; ES_GetMSBitSet
</UL>
<BR>[Calls]<UL><LI><a href="#[4d]">&gt;&gt;</a>&nbsp;&nbsp;&nbsp;ES_Timer_Tick_Resp
</UL>
<BR>[Called By]<UL><LI><a href="#[48]">&gt;&gt;</a>&nbsp;&nbsp;&nbsp;ES_Run
</UL>

<P><STRONG><a name="[4c]"></a>_HW_Timer_Init</STRONG> (Thumb, 22 bytes, Stack size 8 bytes, es_port.o(i._HW_Timer_Init))
<BR><BR>[Stack]<UL><LI>Max Depth = 16<LI>Call Chain = _HW_Timer_Init &rArr; IntMasterEnable
</UL>
<BR>[Calls]<UL><LI><a href="#[73]">&gt;&gt;</a>&nbsp;&nbsp;&nbsp;SysTickPeriodSet
<LI><a href="#[74]">&gt;&gt;</a>&nbsp;&nbsp;&nbsp;SysTickIntEnable
<LI><a href="#[75]">&gt;&gt;</a>&nbsp;&nbsp;&nbsp;SysTickEnable
<LI><a href="#[5b]">&gt;&gt;</a>&nbsp;&nbsp;&nbsp;IntMasterEnable
</UL>
<BR>[Called By]<UL><LI><a href="#[45]">&gt;&gt;</a>&nbsp;&nbsp;&nbsp;ES_Timer_Init
</UL>

<P><STRONG><a name="[2c]"></a>_sys_exit</STRONG> (Thumb, 2 bytes, Stack size 0 bytes, retarget.o(i._sys_exit))
<BR><BR>[Calls]<UL><LI><a href="#[2c]">&gt;&gt;</a>&nbsp;&nbsp;&nbsp;_sys_exit
</UL>
<BR>[Called By]<UL><LI><a href="#[2c]">&gt;&gt;</a>&nbsp;&nbsp;&nbsp;_sys_exit
<LI><a href="#[2b]">&gt;&gt;</a>&nbsp;&nbsp;&nbsp;__rt_exit_exit
</UL>

<P><STRONG><a name="[60]"></a>drive</STRONG> (Thumb, 32 bytes, Stack size 16 bytes, motoractionsmodule.o(i.drive))
<BR><BR>[Stack]<UL><LI>Max Depth = 160 + Unknown Stack Size
<LI>Call Chain = drive &rArr; SetPWMDutyCycle &rArr; __2printf &rArr; _printf_char_file &rArr; _printf_char_common &rArr; __printf
</UL>
<BR>[Calls]<UL><LI><a href="#[64]">&gt;&gt;</a>&nbsp;&nbsp;&nbsp;SetPWMDutyCycle
</UL>
<BR>[Called By]<UL><LI><a href="#[11]">&gt;&gt;</a>&nbsp;&nbsp;&nbsp;RunActionService
</UL>

<P><STRONG><a name="[3a]"></a>ferror</STRONG> (Thumb, 6 bytes, Stack size 0 bytes, retarget.o(i.ferror))
<BR><BR>[Called By]<UL><LI><a href="#[2f]">&gt;&gt;</a>&nbsp;&nbsp;&nbsp;_printf_char_file
</UL>

<P><STRONG><a name="[34]"></a>fgetc</STRONG> (Thumb, 4 bytes, Stack size 0 bytes, retarget.o(i.fgetc))
<BR><BR>[Stack]<UL><LI>Max Depth = 8<LI>Call Chain = fgetc &rArr; TERMIO_GetChar &rArr; UARTgetc
</UL>
<BR>[Calls]<UL><LI><a href="#[6a]">&gt;&gt;</a>&nbsp;&nbsp;&nbsp;TERMIO_GetChar
</UL>
<BR>[Called By]<UL><LI><a href="#[33]">&gt;&gt;</a>&nbsp;&nbsp;&nbsp;getc
</UL>

<P><STRONG><a name="[d]"></a>fputc</STRONG> (Thumb, 14 bytes, Stack size 8 bytes, retarget.o(i.fputc))
<BR><BR>[Stack]<UL><LI>Max Depth = 8<LI>Call Chain = fputc
</UL>
<BR>[Calls]<UL><LI><a href="#[71]">&gt;&gt;</a>&nbsp;&nbsp;&nbsp;TERMIO_PutChar
</UL>
<BR>[Called By]<UL><LI><a href="#[35]">&gt;&gt;</a>&nbsp;&nbsp;&nbsp;puts
</UL>
<BR>[Address Reference Count : 1]<UL><LI> _printf_char_file.o(.text)
</UL>
<P><STRONG><a name="[3e]"></a>kbhit</STRONG> (Thumb, 16 bytes, Stack size 0 bytes, termio.o(i.kbhit))
<BR><BR>[Called By]<UL><LI><a href="#[f]">&gt;&gt;</a>&nbsp;&nbsp;&nbsp;Check4Keystroke
</UL>

<P><STRONG><a name="[27]"></a>main</STRONG> (Thumb, 90 bytes, Stack size 0 bytes, main.o(i.main))
<BR><BR>[Stack]<UL><LI>Max Depth = 128 + Unknown Stack Size
<LI>Call Chain = main &rArr; __2printf &rArr; _printf_char_file &rArr; _printf_char_common &rArr; __printf
</UL>
<BR>[Calls]<UL><LI><a href="#[6c]">&gt;&gt;</a>&nbsp;&nbsp;&nbsp;TERMIO_Init
<LI><a href="#[69]">&gt;&gt;</a>&nbsp;&nbsp;&nbsp;SysCtlClockSet
<LI><a href="#[48]">&gt;&gt;</a>&nbsp;&nbsp;&nbsp;ES_Run
<LI><a href="#[44]">&gt;&gt;</a>&nbsp;&nbsp;&nbsp;ES_Initialize
<LI><a href="#[35]">&gt;&gt;</a>&nbsp;&nbsp;&nbsp;puts
<LI><a href="#[2e]">&gt;&gt;</a>&nbsp;&nbsp;&nbsp;__2printf
</UL>
<BR>[Called By]<UL><LI><a href="#[26]">&gt;&gt;</a>&nbsp;&nbsp;&nbsp;__rt_entry_main
</UL>

<P><STRONG><a name="[5f]"></a>start2rotate</STRONG> (Thumb, 70 bytes, Stack size 24 bytes, motoractionsmodule.o(i.start2rotate))
<BR><BR>[Stack]<UL><LI>Max Depth = 168 + Unknown Stack Size
<LI>Call Chain = start2rotate &rArr; SetPWMDutyCycle &rArr; __2printf &rArr; _printf_char_file &rArr; _printf_char_common &rArr; __printf
</UL>
<BR>[Calls]<UL><LI><a href="#[64]">&gt;&gt;</a>&nbsp;&nbsp;&nbsp;SetPWMDutyCycle
</UL>
<BR>[Called By]<UL><LI><a href="#[11]">&gt;&gt;</a>&nbsp;&nbsp;&nbsp;RunActionService
</UL>

<P><STRONG><a name="[5d]"></a>stop</STRONG> (Thumb, 40 bytes, Stack size 8 bytes, motoractionsmodule.o(i.stop))
<BR><BR>[Stack]<UL><LI>Max Depth = 152 + Unknown Stack Size
<LI>Call Chain = stop &rArr; SetPWMDutyCycle &rArr; __2printf &rArr; _printf_char_file &rArr; _printf_char_common &rArr; __printf
</UL>
<BR>[Calls]<UL><LI><a href="#[64]">&gt;&gt;</a>&nbsp;&nbsp;&nbsp;SetPWMDutyCycle
<LI><a href="#[2e]">&gt;&gt;</a>&nbsp;&nbsp;&nbsp;__2printf
</UL>
<BR>[Called By]<UL><LI><a href="#[11]">&gt;&gt;</a>&nbsp;&nbsp;&nbsp;RunActionService
<LI><a href="#[b]">&gt;&gt;</a>&nbsp;&nbsp;&nbsp;OneShotISR
</UL>

<P><STRONG><a name="[5a]"></a>__aeabi_dadd</STRONG> (Thumb, 0 bytes, Stack size 16 bytes, daddsub_clz.o(x$fpl$dadd))
<BR><BR>[Stack]<UL><LI>Max Depth = 16<LI>Call Chain = __aeabi_dadd
</UL>
<BR>[Called By]<UL><LI><a href="#[10]">&gt;&gt;</a>&nbsp;&nbsp;&nbsp;InitializeActionService
</UL>

<P><STRONG><a name="[76]"></a>_dadd</STRONG> (Thumb, 332 bytes, Stack size 16 bytes, daddsub_clz.o(x$fpl$dadd), UNUSED)
<BR><BR>[Calls]<UL><LI><a href="#[78]">&gt;&gt;</a>&nbsp;&nbsp;&nbsp;__fpl_dretinf
<LI><a href="#[79]">&gt;&gt;</a>&nbsp;&nbsp;&nbsp;__fpl_dnaninf
<LI><a href="#[77]">&gt;&gt;</a>&nbsp;&nbsp;&nbsp;_dsub1
</UL>

<P><STRONG><a name="[59]"></a>__aeabi_d2uiz</STRONG> (Thumb, 0 bytes, Stack size 32 bytes, dfixu.o(x$fpl$dfixu))
<BR><BR>[Stack]<UL><LI>Max Depth = 32<LI>Call Chain = __aeabi_d2uiz
</UL>
<BR>[Called By]<UL><LI><a href="#[10]">&gt;&gt;</a>&nbsp;&nbsp;&nbsp;InitializeActionService
</UL>

<P><STRONG><a name="[7a]"></a>_dfixu</STRONG> (Thumb, 90 bytes, Stack size 32 bytes, dfixu.o(x$fpl$dfixu), UNUSED)
<BR><BR>[Calls]<UL><LI><a href="#[79]">&gt;&gt;</a>&nbsp;&nbsp;&nbsp;__fpl_dnaninf
</UL>

<P><STRONG><a name="[56]"></a>__aeabi_ui2d</STRONG> (Thumb, 0 bytes, Stack size 0 bytes, dflt_clz.o(x$fpl$dfltu))
<BR><BR>[Called By]<UL><LI><a href="#[10]">&gt;&gt;</a>&nbsp;&nbsp;&nbsp;InitializeActionService
</UL>

<P><STRONG><a name="[ac]"></a>_dfltu</STRONG> (Thumb, 38 bytes, Stack size 0 bytes, dflt_clz.o(x$fpl$dfltu), UNUSED)

<P><STRONG><a name="[57]"></a>__aeabi_dmul</STRONG> (Thumb, 0 bytes, Stack size 32 bytes, dmul.o(x$fpl$dmul))
<BR><BR>[Stack]<UL><LI>Max Depth = 32<LI>Call Chain = __aeabi_dmul
</UL>
<BR>[Called By]<UL><LI><a href="#[10]">&gt;&gt;</a>&nbsp;&nbsp;&nbsp;InitializeActionService
</UL>

<P><STRONG><a name="[7b]"></a>_dmul</STRONG> (Thumb, 332 bytes, Stack size 32 bytes, dmul.o(x$fpl$dmul), UNUSED)
<BR><BR>[Calls]<UL><LI><a href="#[78]">&gt;&gt;</a>&nbsp;&nbsp;&nbsp;__fpl_dretinf
<LI><a href="#[79]">&gt;&gt;</a>&nbsp;&nbsp;&nbsp;__fpl_dnaninf
</UL>

<P><STRONG><a name="[79]"></a>__fpl_dnaninf</STRONG> (Thumb, 156 bytes, Stack size 16 bytes, dnaninf.o(x$fpl$dnaninf), UNUSED)
<BR><BR>[Called By]<UL><LI><a href="#[7b]">&gt;&gt;</a>&nbsp;&nbsp;&nbsp;_dmul
<LI><a href="#[7a]">&gt;&gt;</a>&nbsp;&nbsp;&nbsp;_dfixu
<LI><a href="#[7c]">&gt;&gt;</a>&nbsp;&nbsp;&nbsp;_dsub
<LI><a href="#[76]">&gt;&gt;</a>&nbsp;&nbsp;&nbsp;_dadd
</UL>

<P><STRONG><a name="[78]"></a>__fpl_dretinf</STRONG> (Thumb, 12 bytes, Stack size 0 bytes, dretinf.o(x$fpl$dretinf), UNUSED)
<BR><BR>[Called By]<UL><LI><a href="#[7b]">&gt;&gt;</a>&nbsp;&nbsp;&nbsp;_dmul
<LI><a href="#[76]">&gt;&gt;</a>&nbsp;&nbsp;&nbsp;_dadd
</UL>

<P><STRONG><a name="[58]"></a>__aeabi_dsub</STRONG> (Thumb, 0 bytes, Stack size 32 bytes, daddsub_clz.o(x$fpl$dsub))
<BR><BR>[Stack]<UL><LI>Max Depth = 32<LI>Call Chain = __aeabi_dsub
</UL>
<BR>[Called By]<UL><LI><a href="#[10]">&gt;&gt;</a>&nbsp;&nbsp;&nbsp;InitializeActionService
</UL>

<P><STRONG><a name="[7c]"></a>_dsub</STRONG> (Thumb, 464 bytes, Stack size 32 bytes, daddsub_clz.o(x$fpl$dsub), UNUSED)
<BR><BR>[Calls]<UL><LI><a href="#[79]">&gt;&gt;</a>&nbsp;&nbsp;&nbsp;__fpl_dnaninf
<LI><a href="#[7d]">&gt;&gt;</a>&nbsp;&nbsp;&nbsp;_dadd1
</UL>

<P><STRONG><a name="[21]"></a>_fp_init</STRONG> (Thumb, 10 bytes, Stack size 0 bytes, fpinit.o(x$fpl$fpinit))
<BR><BR>[Called By]<UL><LI><a href="#[20]">&gt;&gt;</a>&nbsp;&nbsp;&nbsp;__rt_lib_init_fp_1
</UL>

<P><STRONG><a name="[ad]"></a>__fplib_config_fpu_vfp</STRONG> (Thumb, 0 bytes, Stack size unknown bytes, fpinit.o(x$fpl$fpinit), UNUSED)

<P><STRONG><a name="[ae]"></a>__fplib_config_pureend_doubles</STRONG> (Thumb, 0 bytes, Stack size unknown bytes, fpinit.o(x$fpl$fpinit), UNUSED)
<P>
<H3>
Local Symbols
</H3>
<P><STRONG><a name="[65]"></a>RestoreDC</STRONG> (Thumb, 38 bytes, Stack size 0 bytes, pwmmodule.o(i.RestoreDC))
<BR><BR>[Called By]<UL><LI><a href="#[64]">&gt;&gt;</a>&nbsp;&nbsp;&nbsp;SetPWMDutyCycle
</UL>

<P><STRONG><a name="[67]"></a>Set0DC</STRONG> (Thumb, 36 bytes, Stack size 0 bytes, pwmmodule.o(i.Set0DC))
<BR><BR>[Called By]<UL><LI><a href="#[64]">&gt;&gt;</a>&nbsp;&nbsp;&nbsp;SetPWMDutyCycle
</UL>

<P><STRONG><a name="[66]"></a>Set100DC</STRONG> (Thumb, 36 bytes, Stack size 0 bytes, pwmmodule.o(i.Set100DC))
<BR><BR>[Called By]<UL><LI><a href="#[64]">&gt;&gt;</a>&nbsp;&nbsp;&nbsp;SetPWMDutyCycle
</UL>

<P><STRONG><a name="[53]"></a>InitSerialHardware</STRONG> (Thumb, 228 bytes, Stack size 0 bytes, spiservice.o(i.InitSerialHardware))
<BR><BR>[Stack]<UL><LI>Max Depth = 128 + Unknown Stack Size
<LI>Call Chain = InitSerialHardware &rArr; __2printf &rArr; _printf_char_file &rArr; _printf_char_common &rArr; __printf
</UL>
<BR>[Calls]<UL><LI><a href="#[2e]">&gt;&gt;</a>&nbsp;&nbsp;&nbsp;__2printf
</UL>
<BR>[Called By]<UL><LI><a href="#[12]">&gt;&gt;</a>&nbsp;&nbsp;&nbsp;InitSPIService
</UL>

<P><STRONG><a name="[51]"></a>InitInputCaptureForIRDetection</STRONG> (Thumb, 140 bytes, Stack size 0 bytes, actionservice.o(i.InitInputCaptureForIRDetection))
<BR><BR>[Stack]<UL><LI>Max Depth = 128 + Unknown Stack Size
<LI>Call Chain = InitInputCaptureForIRDetection &rArr; __2printf &rArr; _printf_char_file &rArr; _printf_char_common &rArr; __printf
</UL>
<BR>[Calls]<UL><LI><a href="#[2e]">&gt;&gt;</a>&nbsp;&nbsp;&nbsp;__2printf
</UL>
<BR>[Called By]<UL><LI><a href="#[10]">&gt;&gt;</a>&nbsp;&nbsp;&nbsp;InitializeActionService
</UL>

<P><STRONG><a name="[52]"></a>InitOneShotISR</STRONG> (Thumb, 96 bytes, Stack size 0 bytes, actionservice.o(i.InitOneShotISR))
<BR><BR>[Stack]<UL><LI>Max Depth = 128 + Unknown Stack Size
<LI>Call Chain = InitOneShotISR &rArr; __2printf &rArr; _printf_char_file &rArr; _printf_char_common &rArr; __printf
</UL>
<BR>[Calls]<UL><LI><a href="#[2e]">&gt;&gt;</a>&nbsp;&nbsp;&nbsp;__2printf
</UL>
<BR>[Called By]<UL><LI><a href="#[10]">&gt;&gt;</a>&nbsp;&nbsp;&nbsp;InitializeActionService
</UL>

<P><STRONG><a name="[5e]"></a>SetTimeoutAndStartOneShot</STRONG> (Thumb, 20 bytes, Stack size 0 bytes, actionservice.o(i.SetTimeoutAndStartOneShot))
<BR><BR>[Called By]<UL><LI><a href="#[11]">&gt;&gt;</a>&nbsp;&nbsp;&nbsp;RunActionService
</UL>

<P><STRONG><a name="[3]"></a>NmiSR</STRONG> (Thumb, 0 bytes, Stack size unknown bytes, startup_rvmdk.o(RESET))
<BR><BR>[Calls]<UL><LI><a href="#[3]">&gt;&gt;</a>&nbsp;&nbsp;&nbsp;NmiSR
</UL>
<BR>[Called By]<UL><LI><a href="#[3]">&gt;&gt;</a>&nbsp;&nbsp;&nbsp;NmiSR
</UL>
<BR>[Address Reference Count : 1]<UL><LI> startup_rvmdk.o(RESET)
</UL>
<P><STRONG><a name="[4]"></a>FaultISR</STRONG> (Thumb, 0 bytes, Stack size unknown bytes, startup_rvmdk.o(RESET))
<BR><BR>[Calls]<UL><LI><a href="#[4]">&gt;&gt;</a>&nbsp;&nbsp;&nbsp;FaultISR
</UL>
<BR>[Called By]<UL><LI><a href="#[4]">&gt;&gt;</a>&nbsp;&nbsp;&nbsp;FaultISR
</UL>
<BR>[Address Reference Count : 1]<UL><LI> startup_rvmdk.o(RESET)
</UL>
<P><STRONG><a name="[5]"></a>IntDefaultHandler</STRONG> (Thumb, 0 bytes, Stack size unknown bytes, startup_rvmdk.o(RESET))
<BR><BR>[Calls]<UL><LI><a href="#[5]">&gt;&gt;</a>&nbsp;&nbsp;&nbsp;IntDefaultHandler
</UL>
<BR>[Called By]<UL><LI><a href="#[5]">&gt;&gt;</a>&nbsp;&nbsp;&nbsp;IntDefaultHandler
</UL>
<BR>[Address Reference Count : 1]<UL><LI> startup_rvmdk.o(RESET)
</UL>
<P><STRONG><a name="[7d]"></a>_dadd1</STRONG> (Thumb, 0 bytes, Stack size unknown bytes, daddsub_clz.o(x$fpl$dadd), UNUSED)
<BR><BR>[Called By]<UL><LI><a href="#[7c]">&gt;&gt;</a>&nbsp;&nbsp;&nbsp;_dsub
</UL>

<P><STRONG><a name="[77]"></a>_dsub1</STRONG> (Thumb, 0 bytes, Stack size unknown bytes, daddsub_clz.o(x$fpl$dsub), UNUSED)
<BR><BR>[Called By]<UL><LI><a href="#[76]">&gt;&gt;</a>&nbsp;&nbsp;&nbsp;_dadd
</UL>

<P><STRONG><a name="[e]"></a>_printf_input_char</STRONG> (Thumb, 10 bytes, Stack size 0 bytes, _printf_char_common.o(.text))
<BR>[Address Reference Count : 1]<UL><LI> _printf_char_common.o(.text)
</UL><P>
<H3>
Undefined Global Symbols
</H3><HR></body></html>
